[full] done=1 skip=0 fail=0 total=600 elapsed=0.0s last=full_B_EWMA_COV_default_etf_track_a_f0_s11_h20
[full] done=25 skip=0 fail=0 total=600 elapsed=0.1s last=full_B_EWMA_COV_default_synthetic_track_c_f0_s89_h20
[full] done=50 skip=0 fail=0 total=600 elapsed=0.1s last=full_B_PERSISTENCE_default_etf_track_a_f1_s89_h20
[full] done=75 skip=0 fail=0 total=600 elapsed=0.1s last=full_B_PERSISTENCE_default_synthetic_track_c_f2_s89_h20
[full] done=100 skip=0 fail=0 total=600 elapsed=0.1s last=full_B_RIDGE_default_etf_track_a_f3_s89_h20
[full] done=125 skip=0 fail=0 total=600 elapsed=0.4s last=full_M01_default_etf_track_a_f0_s89_h20
[full] done=150 skip=0 fail=0 total=600 elapsed=1.7s last=full_M01_default_synthetic_track_c_f1_s89_h20
[full] done=175 skip=0 fail=0 total=600 elapsed=5.1s last=full_M02_default_etf_track_a_f2_s89_h20
[full] done=200 skip=0 fail=0 total=600 elapsed=10.1s last=full_M02_default_synthetic_track_c_f3_s89_h20
[full] done=225 skip=0 fail=0 total=600 elapsed=10.3s last=full_M03_default_synthetic_track_c_f0_s89_h20
[full] done=250 skip=0 fail=0 total=600 elapsed=10.5s last=full_M04_default_etf_track_a_f1_s89_h20
[full] done=275 skip=0 fail=0 total=600 elapsed=10.5s last=full_M04_default_synthetic_track_c_f2_s89_h20
[full] done=300 skip=0 fail=0 total=600 elapsed=10.6s last=full_M05_default_etf_track_a_f3_s89_h20
[full] done=325 skip=0 fail=0 total=600 elapsed=11.8s last=full_M06_default_etf_track_a_f0_s89_h20
[full] done=350 skip=0 fail=0 total=600 elapsed=12.2s last=full_M06_default_synthetic_track_c_f1_s89_h20
[full] done=375 skip=0 fail=0 total=600 elapsed=12.7s last=full_M07_default_etf_track_a_f2_s89_h20
[full] done=400 skip=0 fail=0 total=600 elapsed=13.3s last=full_M07_default_synthetic_track_c_f3_s89_h20
[full] done=425 skip=0 fail=0 total=600 elapsed=13.7s last=full_M08_default_synthetic_track_c_f0_s89_h20
[full] done=450 skip=0 fail=0 total=600 elapsed=14.0s last=full_M09_default_etf_track_a_f1_s89_h20
[full] done=475 skip=0 fail=0 total=600 elapsed=14.2s last=full_M09_default_synthetic_track_c_f2_s89_h20
[full] done=500 skip=0 fail=0 total=600 elapsed=14.4s last=full_M10_default_etf_track_a_f3_s89_h20
[full] done=525 skip=0 fail=0 total=600 elapsed=14.6s last=full_M11_default_etf_track_a_f0_s89_h20
[full] done=550 skip=0 fail=0 total=600 elapsed=14.9s last=full_M11_default_synthetic_track_c_f1_s89_h20
[full] done=575 skip=0 fail=0 total=600 elapsed=16.5s last=full_M12_default_etf_track_a_f2_s89_h20
[full] done=600 skip=0 fail=0 total=600 elapsed=18.9s last=full_M12_default_synthetic_track_c_f3_s89_h20
